// Vitest Snapshot v1, https://vitest.dev/guide/snapshot.html

exports[`Joi unnest object 1`] = `
"import Joi from 'joi';

export const employee = Joi.object({
  name: Joi.string().alphanum().min(3).max(30).required(),
}).strict();
"
`;
