// Vitest Snapshot v1, https://vitest.dev/guide/snapshot.html

exports[`Joi remove import 1`] = `
"enum Job {
  Developer = 'developer',
  DevOps = 'devops',
  Designer = 'designer',
}

export const employee = Joi.object().keys({
  job: Joi.string().valid(...Object.values(Job)),
});
"
`;
