// Vitest Snapshot v1, https://vitest.dev/guide/snapshot.html

exports[`Joi remove options from regex 1`] = `
"import Joi from 'joi';

export const employee = Joi.object().keys({
  nickname: Joi.string()
    .required()
    .min(3)
    .max(20)
    .description('Nickname')
    .regex(/^[a-z]+$/),
});
"
`;
